[INFO] Scanning for projects...
[INFO] 
[INFO] --------------------< com.pomotodo:smart-pomotodo >---------------------
[INFO] Building Smart PomoTodo 1.0.0
[INFO]   from pom.xml
[INFO] --------------------------------[ jar ]---------------------------------
[INFO] 
[INFO] >>> spring-boot:3.2.0:run (default-cli) > test-compile @ smart-pomotodo >>>
[INFO] 
[INFO] --- resources:3.3.1:resources (default-resources) @ smart-pomotodo ---
[INFO] Copying 3 resources from src\main\resources to target\classes
[INFO] Copying 1 resource from src\main\resources to target\classes
[INFO] 
[INFO] --- compiler:3.11.0:compile (default-compile) @ smart-pomotodo ---
[INFO] Nothing to compile - all classes are up to date
[INFO] 
[INFO] --- resources:3.3.1:testResources (default-testResources) @ smart-pomotodo ---
[INFO] skip non existing resourceDirectory D:\用户目录\桌面\实验报告\毕设\smart-pomotodo\backend\src\test\resources
[INFO] 
[INFO] --- compiler:3.11.0:testCompile (default-testCompile) @ smart-pomotodo ---
[INFO] No sources to compile
[INFO] 
[INFO] <<< spring-boot:3.2.0:run (default-cli) < test-compile @ smart-pomotodo <<<
[INFO] 
[INFO] 
[INFO] --- spring-boot:3.2.0:run (default-cli) @ smart-pomotodo ---
[INFO] Attaching agents: []

  .   ____          _            __ _ _
 /\\ / ___'_ __ _ _(_)_ __  __ _ \ \ \ \
( ( )\___ | '_ | '_| | '_ \/ _` | \ \ \ \
 \\/  ___)| |_)| | | | | || (_| |  ) ) ) )
  '  |____| .__|_| |_|_| |_\__, | / / / /
 =========|_|==============|___/=/_/_/_/
 :: Spring Boot ::                (v3.2.0)

2026-02-08T19:17:56.850+08:00  INFO 23280 --- [           main] com.pomotodo.SmartPomoTodoApplication    : Starting SmartPomoTodoApplication using Java 17.0.10 with PID 23280 (D:\用户目录\桌面\实验报告\毕设\smart-pomotodo\backend\target\classes started by Zeppelin in D:\用户目录\桌面\实验报告\毕设\smart-pomotodo\backend)
2026-02-08T19:17:56.853+08:00 DEBUG 23280 --- [           main] com.pomotodo.SmartPomoTodoApplication    : Running with Spring Boot v3.2.0, Spring v6.1.1
2026-02-08T19:17:56.853+08:00  INFO 23280 --- [           main] com.pomotodo.SmartPomoTodoApplication    : The following 1 profile is active: "dev"
2026-02-08T19:17:57.851+08:00  INFO 23280 --- [           main] .s.d.r.c.RepositoryConfigurationDelegate : Multiple Spring Data modules found, entering strict repository configuration mode
2026-02-08T19:17:57.852+08:00  INFO 23280 --- [           main] .s.d.r.c.RepositoryConfigurationDelegate : Bootstrapping Spring Data JPA repositories in DEFAULT mode.
2026-02-08T19:17:57.997+08:00  INFO 23280 --- [           main] .s.d.r.c.RepositoryConfigurationDelegate : Finished Spring Data repository scanning in 139 ms. Found 3 JPA repository interfaces.
2026-02-08T19:17:58.586+08:00  INFO 23280 --- [           main] o.s.b.w.embedded.tomcat.TomcatWebServer  : Tomcat initialized with port 8080 (http)
2026-02-08T19:17:58.596+08:00  INFO 23280 --- [           main] o.apache.catalina.core.StandardService   : Starting service [Tomcat]
2026-02-08T19:17:58.596+08:00  INFO 23280 --- [           main] o.apache.catalina.core.StandardEngine    : Starting Servlet engine: [Apache Tomcat/10.1.16]
2026-02-08T19:17:58.675+08:00  INFO 23280 --- [           main] o.a.c.c.C.[Tomcat].[localhost].[/]       : Initializing Spring embedded WebApplicationContext
2026-02-08T19:17:58.676+08:00  INFO 23280 --- [           main] w.s.c.ServletWebServerApplicationContext : Root WebApplicationContext: initialization completed in 1756 ms
2026-02-08T19:17:58.708+08:00  INFO 23280 --- [           main] com.zaxxer.hikari.HikariDataSource       : HikariPool-1 - Starting...
2026-02-08T19:17:58.884+08:00  INFO 23280 --- [           main] com.zaxxer.hikari.pool.HikariPool        : HikariPool-1 - Added connection conn0: url=jdbc:h2:mem:pomotodo user=SA
2026-02-08T19:17:58.886+08:00  INFO 23280 --- [           main] com.zaxxer.hikari.HikariDataSource       : HikariPool-1 - Start completed.
2026-02-08T19:17:58.896+08:00  INFO 23280 --- [           main] o.s.b.a.h2.H2ConsoleAutoConfiguration    : H2 console available at '/h2-console'. Database available at 'jdbc:h2:mem:pomotodo'
2026-02-08T19:17:58.984+08:00  INFO 23280 --- [           main] o.hibernate.jpa.internal.util.LogHelper  : HHH000204: Processing PersistenceUnitInfo [name: default]
2026-02-08T19:17:59.052+08:00  INFO 23280 --- [           main] org.hibernate.Version                    : HHH000412: Hibernate ORM core version 6.3.1.Final
2026-02-08T19:17:59.117+08:00  INFO 23280 --- [           main] o.h.c.internal.RegionFactoryInitiator    : HHH000026: Second-level cache disabled
2026-02-08T19:17:59.316+08:00  INFO 23280 --- [           main] o.s.o.j.p.SpringPersistenceUnitInfo      : No LoadTimeWeaver setup: ignoring JPA class transformer
2026-02-08T19:17:59.360+08:00  WARN 23280 --- [           main] org.hibernate.orm.deprecation            : HHH90000025: H2Dialect does not need to be specified explicitly using 'hibernate.dialect' (remove the property setting and it will be selected by default)
2026-02-08T19:18:00.213+08:00  INFO 23280 --- [           main] o.h.e.t.j.p.i.JtaPlatformInitiator       : HHH000489: No JTA platform available (set 'hibernate.transaction.jta.platform' to enable JTA platform integration)
Hibernate: 
    drop table if exists focus_logs cascade 
Hibernate: 
    drop table if exists tasks cascade 
Hibernate: 
    drop table if exists users cascade 
Hibernate: 
    create table focus_logs (
        date date,
        duration integer not null,
        end_time timestamp(6),
        id bigint generated by default as identity,
        start_time timestamp(6),
        primary key (id)
    )
Hibernate: 
    create table tasks (
        completed boolean not null,
        completed_at timestamp(6),
        created_at timestamp(6) not null,
        deadline timestamp(6),
        id bigint generated by default as identity,
        user_id bigint not null,
        priority varchar(255) not null,
        text varchar(255) not null,
        primary key (id)
    )
Hibernate: 
    create table users (
        enabled boolean not null,
        created_at timestamp(6),
        id bigint generated by default as identity,
        updated_at timestamp(6),
        role varchar(20),
        username varchar(50) not null unique,
        email varchar(100) not null unique,
        avatar varchar(255),
        password varchar(255) not null,
        primary key (id)
    )
Hibernate: 
    alter table if exists tasks 
       add constraint FK6s1ob9k4ihi75xbxe2w0ylsdh 
       foreign key (user_id) 
       references users
2026-02-08T19:18:00.276+08:00  INFO 23280 --- [           main] j.LocalContainerEntityManagerFactoryBean : Initialized JPA EntityManagerFactory for persistence unit 'default'
2026-02-08T19:18:00.575+08:00 DEBUG 23280 --- [           main] c.p.security.JwtAuthenticationFilter     : Filter 'jwtAuthenticationFilter' configured for use
2026-02-08T19:18:00.678+08:00  INFO 23280 --- [           main] o.s.d.j.r.query.QueryEnhancerFactory     : Hibernate is in classpath; If applicable, HQL parser will be used.
2026-02-08T19:18:01.075+08:00  WARN 23280 --- [           main] JpaBaseConfiguration$JpaWebConfiguration : spring.jpa.open-in-view is enabled by default. Therefore, database queries may be performed during view rendering. Explicitly configure spring.jpa.open-in-view to disable this warning
2026-02-08T19:18:01.306+08:00  INFO 23280 --- [           main] o.s.s.web.DefaultSecurityFilterChain     : Will secure any request with [org.springframework.security.web.session.DisableEncodeUrlFilter@2cb09f00, org.springframework.security.web.context.request.async.WebAsyncManagerIntegrationFilter@5c14c284, org.springframework.security.web.context.SecurityContextHolderFilter@14fed48e, org.springframework.security.web.header.HeaderWriterFilter@15b54cb7, org.springframework.web.filter.CorsFilter@1aae50f9, org.springframework.security.web.authentication.logout.LogoutFilter@63f1d374, com.pomotodo.security.JwtAuthenticationFilter@24fc9aa5, org.springframework.security.web.savedrequest.RequestCacheAwareFilter@bf70ce5, org.springframework.security.web.servletapi.SecurityContextHolderAwareRequestFilter@331b0bfd, org.springframework.security.web.authentication.AnonymousAuthenticationFilter@2b53d6fc, org.springframework.security.web.session.SessionManagementFilter@3f6bfcbe, org.springframework.security.web.access.ExceptionTranslationFilter@79296ce0, org.springframework.security.web.access.intercept.AuthorizationFilter@57b4fc1e]
2026-02-08T19:18:01.484+08:00  WARN 23280 --- [           main] ConfigServletWebServerApplicationContext : Exception encountered during context initialization - cancelling refresh attempt: org.springframework.context.ApplicationContextException: Failed to start bean 'webServerStartStop'
2026-02-08T19:18:01.485+08:00  INFO 23280 --- [           main] j.LocalContainerEntityManagerFactoryBean : Closing JPA EntityManagerFactory for persistence unit 'default'
Hibernate: 
    drop table if exists focus_logs cascade 
Hibernate: 
    drop table if exists tasks cascade 
Hibernate: 
    drop table if exists users cascade 
2026-02-08T19:18:01.491+08:00  INFO 23280 --- [           main] com.zaxxer.hikari.HikariDataSource       : HikariPool-1 - Shutdown initiated...
2026-02-08T19:18:01.494+08:00  INFO 23280 --- [           main] com.zaxxer.hikari.HikariDataSource       : HikariPool-1 - Shutdown completed.
2026-02-08T19:18:01.509+08:00  INFO 23280 --- [           main] .s.b.a.l.ConditionEvaluationReportLogger : 

Error starting ApplicationContext. To display the condition evaluation report re-run your application with 'debug' enabled.
2026-02-08T19:18:01.525+08:00 ERROR 23280 --- [           main] o.s.b.d.LoggingFailureAnalysisReporter   : 

***************************
APPLICATION FAILED TO START
***************************

Description:

Web server failed to start. Port 8080 was already in use.

Action:

Identify and stop the process that's listening on port 8080 or configure this application to listen on another port.

[INFO] ------------------------------------------------------------------------
[INFO] BUILD FAILURE
[INFO] ------------------------------------------------------------------------
[INFO] Total time:  8.460 s
[INFO] Finished at: 2026-02-08T19:18:01+08:00
[INFO] ------------------------------------------------------------------------
[ERROR] Failed to execute goal org.springframework.boot:spring-boot-maven-plugin:3.2.0:run (default-cli) on project smart-pomotodo: Process terminated with exit code: 1 -> [Help 1]
[ERROR] 
[ERROR] To see the full stack trace of the errors, re-run Maven with the -e switch.
[ERROR] Re-run Maven using the -X switch to enable full debug logging.
[ERROR] 
[ERROR] For more information about the errors and possible solutions, please read the following articles:
[ERROR] [Help 1] http://cwiki.apache.org/confluence/display/MAVEN/MojoExecutionException
